[2026-10-02T11:07:15Z] === ENRICH ITERATION 1 START | repo=block/thread-manager-for-amp sha=126cf223 ===
[2026-10-02T11:07:15Z] [iter=1] PHASE START: enrich repo=block/thread-manager-for-amp sha=126cf223 runlog=/home/runner/work/forx/forx/storage/aggregate/lsp/logs/126cf223-enrich-iter-001.log output=/home/runner/work/forx/forx/storage/aggregate/lsp/126cf2234a13a08a93d0d4cbd758a8fc77301d78.nq.gz
[2026-10-02T11:07:56Z] [iter=1] Step 1: Loading AST into disk-backed store mem_mb=82 MB
[2026-10-02T11:08:03Z] [iter=1] AST store loaded triples=1064354 load_secs=7 mem_mb=918 MB
[2026-10-02T11:08:03Z] [iter=1] Step 2: Finding LSP targets mem_mb=918 MB
[2026-10-02T11:08:04Z] [iter=1] LSP targets found call_sites=7585 imports=740 extends=7 implements=0 secs=1
[2026-10-02T11:08:04Z] [iter=1] Step 2.7: Building position index (one-shot, shared across resolvers) mem_mb=918 MB
[2026-10-02T11:08:09Z] [iter=1] Position index built positions=70700 nodes_with_types=82042 secs=5 mem_mb=918 MB
[2026-10-02T11:08:09Z] [iter=1] Step 3: Starting LSP resolution mem_mb=918 MB already_completed_types=[] already_completed_files=0
[2026-10-02T11:08:09Z] [iter=1] Resolving target type target_type=call_site count=7585
[2026-10-02T11:08:11Z] [iter=1] HEARTBEAT target_type=call_site elapsed_min=0.9 files_done=0 resolved=0 errors=0 current=src/components/ThreadList/useThreadListKeyboard.ts
[2026-10-02T11:08:46Z] [iter=1] HEARTBEAT target_type=call_site elapsed_min=1.5 files_done=2 resolved=86 errors=73 current=server/lib/database.test.ts
[2026-10-02T11:10:06Z] [iter=1] HEARTBEAT target_type=call_site elapsed_min=2.9 files_done=3 resolved=91 errors=247 current=src/components/terminal/TerminalMessages.tsx
[2026-10-02T11:10:41Z] [iter=1] HEARTBEAT target_type=call_site elapsed_min=3.4 files_done=5 resolved=156 errors=322 current=src/components/ThreadList/index.tsx
[2026-10-02T11:11:13Z] [iter=1] HEARTBEAT target_type=call_site elapsed_min=4.0 files_done=7 resolved=176 errors=393 current=src/hooks/useFilters.ts
[2026-10-02T11:12:06Z] [iter=1] HEARTBEAT target_type=call_site elapsed_min=4.9 files_done=9 resolved=231 errors=509 current=src/components/SearchableSelect.tsx
[2026-10-02T11:12:58Z] [iter=1] HEARTBEAT target_type=call_site elapsed_min=5.7 files_done=11 resolved=251 errors=622 current=shared/cost.test.ts
[2026-10-02T11:14:11Z] [iter=1] HEARTBEAT target_type=call_site elapsed_min=6.9 files_done=12 resolved=258 errors=781 current=src/components/BlockerModal.tsx
[2026-10-02T11:15:08Z] [iter=1] HEARTBEAT target_type=call_site elapsed_min=7.9 files_done=15 resolved=309 errors=904 current=src/components/ToolBlock.tsx
[2026-10-02T11:15:44Z] [iter=1] HEARTBEAT target_type=call_site elapsed_min=8.5 files_done=17 resolved=424 errors=981 current=server/index.ts
[2026-10-02T11:16:32Z] [iter=1] HEARTBEAT target_type=call_site elapsed_min=9.3 files_done=21 resolved=444 errors=1085 current=server/lib/git.ts
[2026-10-02T11:17:14Z] [iter=1] HEARTBEAT target_type=call_site elapsed_min=10.0 files_done=24 resolved=532 errors=1175 current=server/routes/git.ts
[2026-10-02T11:17:46Z] [iter=1] HEARTBEAT target_type=call_site elapsed_min=10.5 files_done=26 resolved=550 errors=1245 current=src/components/ContextAnalyzeModal.tsx
[2026-10-02T11:18:24Z] [iter=1] HEARTBEAT target_type=call_site elapsed_min=11.2 files_done=29 resolved=575 errors=1326 current=src/utils/issueTracker.test.ts
[2026-10-02T11:18:57Z] [iter=1] HEARTBEAT target_type=call_site elapsed_min=11.7 files_done=31 resolved=587 errors=1397 current=src/utils/format.test.ts
[2026-10-02T11:19:30Z] [iter=1] HEARTBEAT target_type=call_site elapsed_min=12.2 files_done=32 resolved=587 errors=1470 current=src/components/ThreadMapView.tsx
[2026-10-02T11:20:31Z] [iter=1] HEARTBEAT target_type=call_site elapsed_min=13.3 files_done=34 resolved=607 errors=1603 current=src/components/Toolbar/ToolbarContentSearch.tsx
[2026-10-02T11:21:11Z] [iter=1] HEARTBEAT target_type=call_site elapsed_min=13.9 files_done=37 resolved=632 errors=1690 current=server/routes/skills.ts
[2026-10-02T11:21:43Z] [iter=1] HEARTBEAT target_type=call_site elapsed_min=14.5 files_done=38 resolved=637 errors=1762 current=src/utils/issueTracker.ts
[2026-10-02T11:22:53Z] [iter=1] HEARTBEAT target_type=call_site elapsed_min=15.6 files_done=42 resolved=678 errors=1911 current=server/lib/threadTypes.test.ts
[2026-10-02T11:23:29Z] [iter=1] HEARTBEAT target_type=call_site elapsed_min=16.2 files_done=43 resolved=678 errors=1989 current=server/lib/workspaces.ts
[2026-10-02T11:24:18Z] [iter=1] HEARTBEAT target_type=call_site elapsed_min=17.0 files_done=46 resolved=731 errors=2096 current=src/utils/threadStacks.test.ts
[2026-10-02T11:25:29Z] [iter=1] HEARTBEAT target_type=call_site elapsed_min=18.2 files_done=47 resolved=733 errors=2249 current=src/components/ImageViewer.tsx
[2026-10-02T11:26:28Z] [iter=1] HEARTBEAT target_type=call_site elapsed_min=19.2 files_done=50 resolved=822 errors=2379 current=src/lib/theme.ts
[2026-10-02T11:27:08Z] [iter=1] HEARTBEAT target_type=call_site elapsed_min=19.9 files_done=52 resolved=875 errors=2462 current=src/components/sidebar/WorkspaceSourceControl.tsx
[2026-10-02T11:28:10Z] [iter=1] HEARTBEAT target_type=call_site elapsed_min=20.9 files_done=57 resolved=927 errors=2597 current=src/components/terminal/useTerminalWebSocket.ts
[2026-10-02T11:28:49Z] [iter=1] HEARTBEAT target_type=call_site elapsed_min=21.6 files_done=58 resolved=956 errors=2681 current=src/components/ThreadList/useThreadListSelection.ts
[2026-10-02T11:29:40Z] [iter=1] HEARTBEAT target_type=call_site elapsed_min=22.4 files_done=60 resolved=1000 errors=2792 current=server/lib/review.test.ts
[2026-10-02T11:30:16Z] [iter=1] HEARTBEAT target_type=call_site elapsed_min=23.0 files_done=62 resolved=1004 errors=2869 current=src/components/KanbanView.tsx
[2026-10-02T11:31:04Z] [iter=1] HEARTBEAT target_type=call_site elapsed_min=23.8 files_done=65 resolved=1042 errors=2972 current=server/lib/skills.ts
[2026-10-02T11:31:38Z] [iter=1] HEARTBEAT target_type=call_site elapsed_min=24.4 files_done=69 resolved=1093 errors=3045 current=src/App.tsx
[2026-10-02T11:32:18Z] [iter=1] HEARTBEAT target_type=call_site elapsed_min=25.1 files_done=73 resolved=1128 errors=3130 current=src/contexts/ThreadContext.tsx
[2026-10-02T11:33:02Z] [iter=1] HEARTBEAT target_type=call_site elapsed_min=25.8 files_done=77 resolved=1209 errors=3225 current=src/components/WorkspacePicker.tsx
[2026-10-02T11:33:33Z] [iter=1] HEARTBEAT target_type=call_site elapsed_min=26.3 files_done=82 resolved=1303 errors=3290 current=src/components/DetailCardView/index.tsx
[2026-10-02T11:34:12Z] [iter=1] HEARTBEAT target_type=call_site elapsed_min=26.9 files_done=86 resolved=1359 errors=3370 current=src/components/ThemePicker.tsx
[2026-10-02T11:34:46Z] [iter=1] HEARTBEAT target_type=call_site elapsed_min=27.5 files_done=90 resolved=1419 errors=3444 current=server/shell-websocket.ts
[2026-10-02T11:35:21Z] [iter=1] HEARTBEAT target_type=call_site elapsed_min=28.1 files_done=97 resolved=1476 errors=3515 current=src/utils/parseMarkdown.ts
[2026-10-02T11:35:54Z] [iter=1] HEARTBEAT target_type=call_site elapsed_min=28.6 files_done=103 resolved=1574 errors=3584 current=src/components/ThreadMapModal.tsx
[2026-10-02T11:36:25Z] [iter=1] HEARTBEAT target_type=call_site elapsed_min=29.2 files_done=110 resolved=1656 errors=3649 current=src/components/sidebar/Sidebar.tsx
[2026-10-02T11:36:55Z] [iter=1] HEARTBEAT target_type=call_site elapsed_min=29.7 files_done=116 resolved=1705 errors=3711 current=src/components/ErrorBoundary.test.tsx
[2026-10-02T11:37:35Z] [iter=1] HEARTBEAT target_type=call_site elapsed_min=30.3 files_done=120 resolved=1734 errors=3796 current=src/hooks/useThreadMetadata.ts
[2026-10-02T11:38:07Z] [iter=1] HEARTBEAT target_type=call_site elapsed_min=30.9 files_done=127 resolved=1783 errors=3864 current=src/components/BaseModal.tsx
[2026-10-02T11:38:38Z] [iter=1] HEARTBEAT target_type=call_site elapsed_min=31.4 files_done=135 resolved=1846 errors=3931 current=src/components/InputModal.tsx
[2026-10-02T11:39:08Z] [iter=1] HEARTBEAT target_type=call_site elapsed_min=31.9 files_done=148 resolved=1885 errors=3996 current=src/components/ErrorToast.tsx
[2026-10-02T11:39:32Z] [iter=1] Target type resolved target_type=call_site resolved=1905 errors=4032 secs=1883 mem_mb=918 MB
[2026-10-02T11:39:32Z] [iter=1] Resolving target type target_type=import_statement count=740
[2026-10-02T11:39:38Z] [iter=1] HEARTBEAT target_type=import_statement elapsed_min=32.4 files_done=29 resolved=133 errors=0 current=src/components/terminal/useScrollBehavior.ts
[2026-10-02T11:39:57Z] [iter=1] Target type resolved target_type=import_statement resolved=460 errors=0 secs=25 mem_mb=918 MB
[2026-10-02T11:39:57Z] [iter=1] Resolving target type target_type=extends_clause count=7
[2026-10-02T11:40:00Z] [iter=1] Target type resolved target_type=extends_clause resolved=7 errors=0 secs=3 mem_mb=918 MB
[2026-10-02T11:40:31Z] [iter=1] Step 5: Writing final enrichment file triples=88600
[2026-10-02T11:40:33Z] [iter=1] Enrichment file written path=/home/runner/work/forx/forx/storage/aggregate/lsp/126cf2234a13a08a93d0d4cbd758a8fc77301d78.nq.gz size_kb=1868
[2026-10-02T11:40:33Z] [iter=1] PHASE END: enrich elapsed_s=1998 elapsed_min=33.3 total_triples=88600
